// Jest Snapshot v1, https://goo.gl/fbAQLP

exports[`testing for rockets data test for component 1`] = `
Object {
  "asFragment": [Function],
  "baseElement": <body>
    <div>
      <div
        class="profile"
      >
        <div
          class="mission"
        >
          <h2
            class="top"
          >
            My Missions
          </h2>
          <ul
            class="li-li"
          >
            <li
              style="border: 1px solid grey;"
            >
              Telstar
            </li>
            <li
              style="border: 1px solid grey;"
            >
              SES
            </li>
            <li
              style="border: 1px solid grey;"
            >
              Asiasat
            </li>
            <li
              style="border: 1px solid grey;"
            >
              ABs
            </li>
          </ul>
        </div>
        <div
          class="rocket"
        >
          <h2
            class="top"
          >
            My Rockets
          </h2>
          <ul
            class="li-li"
          >
            <li
              style="border: 1px solid grey;"
            >
              Falcon9
            </li>
            <li
              style="border: 1px solid grey;"
            >
              Falcon Heavy
            </li>
            <li
              style="border: 1px solid grey;"
            >
              star ship
            </li>
          </ul>
        </div>
      </div>
    </div>
  </body>,
  "container": <div>
    <div
      class="profile"
    >
      <div
        class="mission"
      >
        <h2
          class="top"
        >
          My Missions
        </h2>
        <ul
          class="li-li"
        >
          <li
            style="border: 1px solid grey;"
          >
            Telstar
          </li>
          <li
            style="border: 1px solid grey;"
          >
            SES
          </li>
          <li
            style="border: 1px solid grey;"
          >
            Asiasat
          </li>
          <li
            style="border: 1px solid grey;"
          >
            ABs
          </li>
        </ul>
      </div>
      <div
        class="rocket"
      >
        <h2
          class="top"
        >
          My Rockets
        </h2>
        <ul
          class="li-li"
        >
          <li
            style="border: 1px solid grey;"
          >
            Falcon9
          </li>
          <li
            style="border: 1px solid grey;"
          >
            Falcon Heavy
          </li>
          <li
            style="border: 1px solid grey;"
          >
            star ship
          </li>
        </ul>
      </div>
    </div>
  </div>,
  "debug": [Function],
  "findAllByAltText": [Function],
  "findAllByDisplayValue": [Function],
  "findAllByLabelText": [Function],
  "findAllByPlaceholderText": [Function],
  "findAllByRole": [Function],
  "findAllByTestId": [Function],
  "findAllByText": [Function],
  "findAllByTitle": [Function],
  "findByAltText": [Function],
  "findByDisplayValue": [Function],
  "findByLabelText": [Function],
  "findByPlaceholderText": [Function],
  "findByRole": [Function],
  "findByTestId": [Function],
  "findByText": [Function],
  "findByTitle": [Function],
  "getAllByAltText": [Function],
  "getAllByDisplayValue": [Function],
  "getAllByLabelText": [Function],
  "getAllByPlaceholderText": [Function],
  "getAllByRole": [Function],
  "getAllByTestId": [Function],
  "getAllByText": [Function],
  "getAllByTitle": [Function],
  "getByAltText": [Function],
  "getByDisplayValue": [Function],
  "getByLabelText": [Function],
  "getByPlaceholderText": [Function],
  "getByRole": [Function],
  "getByTestId": [Function],
  "getByText": [Function],
  "getByTitle": [Function],
  "queryAllByAltText": [Function],
  "queryAllByDisplayValue": [Function],
  "queryAllByLabelText": [Function],
  "queryAllByPlaceholderText": [Function],
  "queryAllByRole": [Function],
  "queryAllByTestId": [Function],
  "queryAllByText": [Function],
  "queryAllByTitle": [Function],
  "queryByAltText": [Function],
  "queryByDisplayValue": [Function],
  "queryByLabelText": [Function],
  "queryByPlaceholderText": [Function],
  "queryByRole": [Function],
  "queryByTestId": [Function],
  "queryByText": [Function],
  "queryByTitle": [Function],
  "rerender": [Function],
  "unmount": [Function],
}
`;
