// Jest Snapshot v1, https://goo.gl/fbAQLP

exports[`Header and Navigation test Tests navbar rendering with navigation 1`] = `null`;
